<?xml version="1.0" encoding="utf-8"?><testsuites name="pytest tests"><testsuite name="pytest" errors="0" failures="0" skipped="0" tests="2" time="0.234" timestamp="2026-04-08T18:57:32.895822+05:30" hostname="HARSH-PARASHAR"><testcase classname="test_login" name="test_valid_login" time="0.001" /><testcase classname="test_login" name="test_invalid_login" time="0.001" /></testsuite></testsuites>